// Vitest Snapshot v1, https://vitest.dev/guide/snapshot.html

exports[`formatChordData: > Five users with equal contributions 1`] = `
{
  "matrix": [
    [
      0,
      10,
      10,
      10,
      10,
    ],
    [
      10,
      0,
      10,
      10,
      10,
    ],
    [
      10,
      10,
      0,
      10,
      10,
    ],
    [
      10,
      10,
      10,
      0,
      10,
    ],
    [
      10,
      10,
      10,
      10,
      0,
    ],
  ],
  "names": [
    "one",
    "two",
    "three",
    "four",
    "five",
  ],
}
`;
